[0m
> build · nemotron-3-ultra-free
[0m
[0m→ [0mRead build-loop/plan.md
[0m→ [0mRead build-loop/plan-graph.json
[0m→ [0mRead build-loop/plan-review-prompt.txt
[0m→ [0mRead apps/mission_control/src/lib/campaign-pipeline.ts
[0m→ [0mRead apps/mission_control/src/app/api/campaign/create/route.ts
[0m→ [0mRead apps/mission_control/src/components/horse-workspace.tsx
[0m→ [0mRead apps/mission_control/src/lib/smart-intake-parser.ts
[0m→ [0mRead apps/mission_control/src/lib/supabase-server.ts
[0m✱ [0mGrep "tokinvest"[90m in . · 7 matches[0m
[0m✱ [0mGlob "**/supabase/migrations/*.sql"[90m in . · 5 matches[0m
[0m→ [0mRead supabase/migrations/00001_initial_schema.sql
[0m→ [0mRead package.json
[0m✱ [0mGlob "justfile"[90m in . · 0 matches[0m
[0m
[0m$ [0mwhich just
/usr/bin/just
[0m
[0m$ [0mls -la /home/evo/new/evo_02/ | head -30
total 176
drwxr-xr-x 12 evo evo  4096 Aug 25 16:18 .
drwxr-xr-x  9 evo evo  4096 Aug 21 17:30 ..
drwxrwxr-x  2 evo evo  4096 Aug 21 08:35 .audit-reviews
-rw-rw-r--  1 evo evo   449 Aug 21 13:57 .env.example
drwxrwxr-x  8 evo evo  4096 Aug 25 18:21 .git
-rw-r--r--  1 evo evo   372 Aug 21 12:40 .gitignore
drwxr-xr-x  3 evo evo  4096 Aug 17 14:49 .turbo
-rw-rw-r--  1 evo evo  5520 Aug 23 20:18 CONTINUE.md
-rw-r--r--  1 evo evo   835 Aug 17 16:18 Justfile
drwxr-xr-x  4 evo evo  4096 Aug 16 15:47 apps
drwxrwxr-x  3 evo evo  4096 Aug 25 18:27 build-loop
drwxrwxr-x  4 evo evo  4096 Aug 21 13:21 docs
-rw-r--r--  1 evo evo   580 Aug 17 16:12 eslint.config.mjs
drwxr-xr-x  5 evo evo  4096 Aug 25 16:18 node_modules
-rw-r--r--  1 evo evo   565 Aug 17 16:32 package.json
drwxr-xr-x  6 evo evo  4096 Aug 17 14:42 packages
-rw-r--r--  1 evo evo 88512 Aug 25 16:18 pnpm-lock.yaml
-rw-r--r--  1 evo evo   172 Aug 17 16:32 pnpm-workspace.yaml
drwxrwxr-x  3 evo evo  4096 Aug 21 14:02 relay
drwxr-xr-x  6 evo evo  4096 Aug 21 17:39 supabase
-rw-r--r--  1 evo evo   432 Aug 17 14:47 tsconfig.json
-rw-r--r--  1 evo evo   406 Aug 17 16:17 turbo.json
[0m
[0m→ [0mRead Justfile
Now I have all the context. Let me analyze systematically.

---

## Senior Engineer Critique: E2E Wire Sprint Plan

### 1. BLOCKER — C3/C5 Wave 1 Parallelism Is Unsafe
**What's wrong:** Wave 1 runs C3 (integration test), C4 (media fallback), C5 (debt close) in parallel claiming "zero shared files". But C5 modifies type definitions in `@evo/legal_engine`, `@evo/db_models`, and `campaign-pipeline.ts` that C3's test imports. Running in the same repo, they share the same `node_modules`/type resolution — C3 will either compile against pre-C5 types (if C5 not applied) or post-C5 types (if C5 applied first), creating a race.
**Evidence:** C5 touches `packages/legal_engine/src/types.ts:61`, `packages/db_models/src/types/database.types.ts:125/160/195`, `apps/mission_control/src/lib/campaign-pipeline.ts:59`, `apps/web/src/lib/horses-data.ts:59` — all imported by `createCampaignFromIntake()` which C3 tests.
**Fix:** Serialize C5 before C3, or move C3 to Wave 2. C4 (media fallback) is truly independent and can stay in Wave 1.

---

### 2. BLOCKER — No "Publish to Storefront" Button Exists in `horse-workspace.tsx`
**What's wrong:** Plan C1 says "wire publish button to fetch POST /api/campaign/create". The component has a "Save & Re-Hash Legal PDS" button (line 914-938) that only calls `compileLegalPack()` locally — it does NOT POST to the API. There is no separate "Publish" button that would trigger the E2E flow.
**Evidence:** `horse-workspace.tsx:914-938` — the only action button in Content tab does local legal re-hash, zero `fetch` calls anywhere in file (grep confirms).
**Fix:** Add a distinct "Publish to Storefront" button (separate from legal re-hash) that POSTs the assembled `CampaignIntakePayload` to `/api/campaign/create` with bearer token. The current "Save & Re-Hash" must remain for legal-only updates.

---

### 3. BLOCKER — Intake Adapter Mapping Underspecified; Critical Field Gaps
**What's wrong:** Plan assumes `ExtractedIntakeData → CampaignIntakePayload` adapter is straightforward. But `ExtractedIntakeData` (smart-intake-parser.ts:67-79) lacks many required `CampaignIntakePayload` fields (campaign-pipeline.ts:46-66):
- `wholesaleMonthlyNzd` vs `costMonthlyNzd`/`monthlyKeepUnitNzd` (different semantics)
- `pedigree`: `ExtractedIntakeData.horse` (HorseLookupRecord) has no `damSire`, `foalingDate`, `colour`, `microchip`, `lifeNumber`, `studBookUrl`, `lineageSummary`
- `trainer`: `horseContext.trainer.location` is combined "Stable, Location" string, but `TrainerInput` needs separate `stable` + `location`
- `owner`: only `ownerName` string, but `OwnerInput` needs `entity` + optional `contact`
- `slug`: from `campaignSlug` but may be empty
**Evidence:** Compare smart-intake-parser.ts:67-79 with campaign-pipeline.ts:14-66.
**Fix:** Specify the adapter with explicit field mappings, defaults, and validation. Mark which fields require manual entry in UI before publish.

---

### 4. MAJOR — C2 Auth Design: `OPERATOR_API_TOKEN` Env Var Undefined
**What's wrong:** Plan specifies `OPERATOR_API_TOKEN` for shared-secret bearer auth. This env var does not exist in `.env.example`, is not read anywhere in codebase, and no mechanism exists for the MC client to obtain/send it.
**Evidence:** `supabase-server.ts` uses `NEXT_PUBLIC_SUPABASE_URL` + `SUPABASE_SERVICE_ROLE_KEY`; route.ts has zero auth; no `OPERATOR_API_TOKEN` in grep across repo.
**Fix:** Define `OPERATOR_API_TOKEN` in `.env.example` and `.env.local`, add to Vercel/Netlify env for MC. In `horse-workspace.tsx`, read from `process.env.OPERATOR_API_TOKEN` (client-side needs `NEXT_PUBLIC_` prefix or server-side proxy). Prefer a server-side route proxy to avoid exposing secret to browser.

---

### 5. MAJOR — C3 Integration Test Cleanup Flakiness
**What's wrong:** Test inserts real row to Supabase `inventory` and "deletes test row after". If test fails before cleanup (assertion error, network hiccup), orphan row remains — subsequent runs may hit UNIQUE constraint on `slug` (`e2e-wire-test`). No idempotency (upsert) or transaction rollback.
**Evidence:** `inventory.slug` has UNIQUE constraint (migration 00001:120). Plan: "assert 201-shape row + 64-hex hashes; delete test row after".
**Fix:** Use `slug: 'e2e-wire-test-${Date.now()}'` for uniqueness, or wrap in DB transaction + `ROLLBACK` (Supabase supports `begin`/`rollback` via `rpc`). Better: test against a dedicated test schema/project.

---

### 6. MAJOR — E2E Walk Proof Missing Storefront Read Verification
**What's wrong:** FIN gate says "web dev server renders `/horses/e2e-wire-test` from Supabase". But plan never verifies `getAllCampaigns()` / `getCampaignBySlug()` actually work against the new row. No test for web-side read path.
**Evidence:** Plan Architecture diagram shows `website getAllCampaigns()/getCampaignBySlug()` but no chunk tests this. C4 only tests media fallback hero.
**Fix:** Add a C4.5 / C6 chunk: web integration test calling `getCampaignBySlug('e2e-wire-test')` asserting full horse data shape (including 64-hex hashes). Or extend C3 to also verify read path.

---

### 7. MAJOR — `just check` vs `check` Recipe Confusion in Plan Text
**What's wrong:** Plan.md says "`just check` green" 8 times. Justfile has recipe `check:` (line 35), so `just check` works — but the plan also says "`just check` includes test" (C3 gate) and "`just check` fully green" (FIN). This is technically correct but confusing; the recipe is named `check`, not `just check`.
**Evidence:** Justfile:35 `check: lint typecheck test`. Plan.md:40,41,43,44,45,50,60,62.
**Fix:** Standardize to "`just check`" (correct CLI invocation) or "`check` recipe" throughout. Not a code bug but a documentation clarity issue.

---

### 8. MINOR — C7 `CONTINUE.md` Rewrite Depends on All Prior Gates But Graph Misses C3/C4/C5→C7 Edges
**What's wrong:** Plan-graph.json edges 38-42 show only `cmd:auth-curl-pair`, `cmd:publish-smoke`, `cmd:test-in-gate`, `cmd:fallback-render-check`, `cmd:tokinvest-grep` → `file:continue-evo02.md`. But C3's gate is `cmd:test-in-gate` (correct), C4's is `cmd:fallback-render-check` (correct), C5's is `cmd:tokinvest-grep` (correct). Wait — these ARE all present. Let me re-check... Yes, edges 35, 36, 37 feed into C7 via 38-42. This is actually correct. **Retract** — no issue here.

---

### 9. MINOR — C0 Baseline Commit: "29 Dirty Files" Count Is Stale/Unverified
**What's wrong:** Plan says "commit all 29 dirty files". This exact count won't match at execution time.
**Evidence:** Plan.md:40.
**Fix:** Change to "commit all working-tree changes" — let `git status` determine count.

---

### 10. MINOR — Media Fallback (C4) Location Ambiguity
**What's wrong:** Plan says "web-side wrapper, no storage-package breaking change" but `HORSE_STILLS` lives in `packages/storage/src/cdn.ts`. A web-side wrapper means either: (a) web app imports `HORSE_STILLS` and wraps, or (b) web app has its own fallback map. Option (a) couples web to storage package; option (b) duplicates slug list.
**Evidence:** `packages/storage/src/cdn.ts:14,84` exports `HORSE_STILLS`.
**Fix:** Clarify in C4 spec: create `apps/web/src/lib/media-fallback.ts` that re-exports `HORSE_STILLS` + adds fallback, so storage package unchanged.

---

### 11. MINOR — C5 "Unused Vars" Prefix/Remove List Not Enumerated
**What's wrong:** Plan says "prefix/remove 6 unused vars" but doesn't list them. Reviewer can't verify completeness.
**Evidence:** Plan.md:45.
**Fix:** List the 6 vars by file:line in plan or chunks.md.

---

### 12. MINOR — Supabase Local Stack Health Assumption (Plan:33)
**What's wrong:** "Local Supabase stack healthy at :54321 [ASSUMPTION — recheck `supabase status` at execution]". This should be a C0 gate, not an assumption.
**Fix:** Add `cmd:supabase-status` gate in C0 before baseline commit.

---

## Verdict

**REVISE**

Critical blockers (1, 2, 3, 4, 5, 6) must be addressed before execution. The plan has correct high-level structure but under-specifies the intake adapter, misses the actual publish button, has unsafe parallelism, and omits storefront read verification.
EXIT:0
