⠋ ⠙ ⠹ ⠸ ⠴ ⠦ ⠦ ⠧ ⠏ ⠏ ⠋ Thinking...
We need answer as reviewer B. Need critique plan. Need inspect provided doc
docs and source snippets. Need identify real findings. Need be careful: onl
only from here. Need output numbered findings severity evidence fix. End ve
verdict APPROVE or REVISE. Need likely REVISE due issues.

Let's parse plan and source.

Plan says:
- Goal E2E wire MC publish → /api/campaign/create → compileLegalPack → Supa
Supabase inventory → storefront renders new horse.
- Architecture approach no new architecture.
- Verified assumptions:
  - createCampaignFromIntake exists, compiles legal pack with real hashes, 
inserts with id-return check [verified lines 196-197,245-259]
  - POST route exists but unauthenticated [verified route.ts]
  - horse-workspace.tsx holds publish state but zero fetch calls [verified 
grep fetch apps/mission_control/src → 0 hits]
  - Parser output ExtractedIntakeData ≠ pipeline input CampaignIntakePayloa
CampaignIntakePayload — adapter required [verified smart-intake-parser.ts:6
smart-intake-parser.ts:67-79 vs campaign-pipeline.ts:12-63]
  - supabase-server.ts MC env-driven service client
  - Media map HORSE_STILLS hardcoded with ?? [] fallback — unknown slugs re
render empty heroes [verified packages/storage/src/cdn.ts:14,84]
  - Hottathanafantasy has 2 mapped stills, no video
  - Local Supabase stack healthy at :54321 [ASSUMPTION recheck]
  - projects/SSOT_Build/HLT/ archive source location [ASSUMPTION locate wit
with find]

Chunks:
C0 baseline commit: just check green → commit all 29 dirty files as pre-spr
pre-sprint snapshot. Gate git status clean, just check.
C1 Publish wire: intake adapter + fetch POST + success/error UI in horse-wo
horse-workspace.tsx. Gate just check; manual POST smoke.
C2 Endpoint auth: shared-secret bearer check on route.ts env OPERATOR_API_T
OPERATOR_API_TOKEN, 401 fail-closed; MC client sends header from env. Gate 
just check; curl 401/201 pair.
C3 Integration test: campaign-pipeline.test.ts — real createCampaignFromInt
createCampaignFromIntake() vs local Supabase; assert 201-shape row + 64-hex
64-hex hashes; delete test row after. Gate just check includes test.
C4 Media fallback: branded placeholder hero when slug absent from HORSE_STI
HORSE_STILLS (web-side wrapper, no storage-package breaking change). Gate j
just check.
C5 Debt close: prefix/remove 6 unused vars; strip 'tokinvest' from type uni
unions (legal_engine/types.ts, db_models/database.types.ts, horses-data.ts,
horses-data.ts, campaign-pipeline.ts) — keep brand_dna/voice.ts banned-term
banned-term entry; append async-vs-cache ADR note to review-synthesis.md; l
leave supabase/migrations/00003 literals untouched. Gate just check; grep o
only voice.ts hit.
C7 Desk refresh: rewrite evo_02/CONTINUE.md, sync evo_00 pointer. Gate path
paths resolve.
FIN final gate + E2E walk + Stage 5 independent audit.

Parallel waves after C0: wave1 = {C3,C4,C5} zero shared files; wave2 = C1 →
→ C2 same component region serialized; C7 last.
FIN includes walked proof: MC dev server up → authenticated POST through re
real HTTP → web dev server renders /horses/e2e-wire-test from Supabase → te
test row deleted.

DoD:
1. One NEW test horse travels link→website: created via MC publish path, vi
visible at /horses/<slug> from Supabase data, with real 64-hex PDS/SA hashe
hashes.
2. just check fully green (lint 0 errors, typecheck, all tests incl new int
integration test).
3. Zero 'tokinvest' tokens in apps/**+packages/** TS sources; zero lint war
warnings.
4. Unauthenticated POST → 401; authenticated → 201.
5. Working tree committed; CONTINUE.md truthful.

Out of scope: R2 upload UI, production, V2 payouts, MC restyle, validateCam
validateCampaign port, video wiring.

Canonical notes.

Need critique. Need identify wrong assumptions, missing/wrong dependency ed
edges, chunk ordering leaving repo red, verification steps not verifying, a
auth design holes, integration test flakiness.

Let's inspect source snippets.

route.ts:
```
import { NextResponse } from 'next/server';
import { createCampaignFromIntake } from '@/lib/campaign-pipeline';
import type { CampaignIntakePayload } from '@/lib/campaign-pipeline';

export async function POST(request: Request) {
  try {
    const body = (await request.json()) as CampaignIntakePayload;
    const result = await createCampaignFromIntake(body);
    return NextResponse.json(result, { status: 201 });
  } catch (err) {
    const msg = err instanceof Error ? err.message : 'Unknown campaign crea
creation error';
    return NextResponse.json({ error: msg }, { status: 400 });
  }
}
```
No auth. Plan C2 adds shared-secret bearer check. Need consider auth design
design holes: shared secret in env OPERATOR_API_TOKEN. Client sends header 
from env. But MC client is browser? horse-workspace.tsx is component in Nex
Next app. If it sends from env, how? Next public env? If using NEXT_PUBLIC_
NEXT_PUBLIC_OPERATOR_API_TOKEN, exposed to browser. If server-side only, co
component can't access. Need clarify. Plan says "MC client sends header fro
from env" but horse-workspace.tsx is client component? It has useState, onC
onClick, so client component. Env variables in client components need NEXT_
NEXT_PUBLIC prefix, which exposes secret to browser. That's a major auth de
design hole. Could use route handler proxy or server action. Need flag. Evi
Evidence: horse-workspace.tsx uses onClick, useState, so client component; 
plan says fetch POST from horse-workspace.tsx with bearer header from env. 
If env is server-only, not available; if NEXT_PUBLIC, secret leaks. Fix: us
use server action or API route proxy that injects server env, or use sessio
session auth not shared secret in client. This is BLOCKER/MAJOR.

Also auth check: shared-secret bearer check on route.ts. Need ensure timing
timing-safe compare? Maybe minor. Need fail closed. But if client sends hea
header from env, issue.

Integration test C3: "real createCampaignFromIntake() vs local Supabase; as
assert 201-shape row + 64-hex hashes; delete test row after." But createCam
createCampaignFromIntake returns {inventoryId, legalPack}, not HTTP 201 sha
shape. The route returns 201. Test is on lib function, not route. Plan says
says "assert 201-shape row" maybe means row shape? Need clarify. Also integ
integration test uses local Supabase; if local Supabase not running, test f
fails. Plan assumes local Supabase healthy but C3 depends only C0, not on c
checking supabase status. Could be flaky. Need flag. Also test deletes test
test row after; if test fails before delete, row remains. Need cleanup in a
afterEach/finally. Also test may conflict with unique slug? Need use unique
unique slug per run. Plan says e2e-wire-test maybe fixed slug; if previous 
failed run left row, insert conflict. Need flag.

C1 adapter: parser output ExtractedIntakeData ≠ CampaignIntakePayload. Need
Need inspect? We don't have full types. But plan says adapter required. Nee
Need check if adapter mapping is complete. Could be missing fields. But not
not enough evidence. Maybe mention as risk.

C0 baseline commit: "just check green → commit all 29 dirty files as pre-sp
pre-sprint snapshot". But plan says predecessor sprint chunks 1–3 executed 
& verified, chunk 4 open. There are 29 dirty files? If just check green, ok
okay. But committing all dirty files as pre-sprint snapshot may include unr
unrelated changes? Need ensure not committing secrets. Minor.

C5 debt close: strip 'tokinvest' from type unions in legal_engine/types.ts,
legal_engine/types.ts, db_models/database.types.ts, horses-data.ts, campaig
campaign-pipeline.ts. But campaign-pipeline.ts snippet line 60 has `listing
`listingPlatform?: 'evolution' | 'tokinvest' | string;` This is a type unio
union with 'tokinvest'. Plan says strip. But note `| string` makes union ef
effectively string, so removing 'tokinvest' doesn't change type. But grep w
would still find? If remove literal, okay. But maybe other files have 'toki
'tokinvest' in data values not type unions? Plan says zero tokens in apps/p
apps/packages TS sources except voice.ts. Need check if there are string li
literals in data files like horses-data.ts that are values, not type unions
unions. Plan says strip from type unions but DoD says zero tokens in TS sou
sources. If horses-data.ts has `dsl: 'tokinvest'` as data value, removing f
from type union won't remove token. Need flag: plan conflates type union re
removal with zero token grep. Evidence: campaign-pipeline.ts has `listingPl
`listingPlatform?: 'evolution' | 'tokinvest' | string;` but also maybe data
data. Need inspect? We only have snippet. But plan says "strip 'tokinvest' 
from type unions (legal_engine/types.ts, db_models/database.types.ts, horse
horses-data.ts, campaign-pipeline.ts)" and gate grep only voice.ts. If hors
horses-data.ts contains `'tokinvest'` as a value, grep will still hit. Need
Need flag as MAJOR: C5 gate may fail because data values not addressed. But
But maybe they intend to remove all occurrences. Need mention.

Also C5 says "prefix/remove 6 unused vars" but no list. Could be okay.

C4 media fallback: "branded placeholder hero when slug absent from HORSE_ST
HORSE_STILLS (web-side wrapper, no storage-package breaking change)". Need 
check if HORSE_STILLS is in packages/storage/src/cdn.ts. Web-side wrapper l
likely in website. But plan says no storage-package breaking change. Need e
ensure wrapper used by storefront. Could be okay. But verification "unknown
"unknown slug renders placeholder, no broken img" maybe manual. Need maybe 
automated test? Minor.

Dependency edges: plan-graph edges. Need check missing/wrong dependencies.

- C1 depends C0. C2 depends C1. C3,C4,C5 depend C0. C7 depends C1-C5. FIN d
depends C7. That seems okay.
But C2 auth: route.ts change. C1 wires client fetch to route. If C1 is done
done before C2, route is unauthenticated during C1. That's okay for dev. Bu
But C1 gate "manual POST smoke" may be done without auth. Then C2 adds auth
auth. But C1's client fetch must send header from env; if C2 not done, head
header ignored. But C1 and C2 serialized. However, C1's client code must be
be updated in C2? Plan says C2: "MC client sends header from env" but C1 al
already wired fetch. So C2 modifies both route and client? Plan chunk C2 sa
says "Endpoint auth: shared-secret bearer check on route.ts (env OPERATOR_A
OPERATOR_API_TOKEN), 401 fail-closed; MC client sends header from env". Tha
That implies C2 includes client change. But plan-graph node for C2 only `fi
`file:campaign-create-auth.ts` description "C2: bearer OPERATOR_API_TOKEN c
check, fail-closed 401 (apps/mission_control/src/app/api/campaign/create/ro
(apps/mission_control/src/app/api/campaign/create/route.ts)" and no node fo
for client header change. The client header change is in C1? C1 description
description says "fetch POST + success/error UI in horse-workspace.tsx" but
but not mention header. Plan summary C1 says "fetch POST + success/error UI
UI" no header. C2 says "MC client sends header from env". So client header 
change is in C2 but graph doesn't include a file node for horse-workspace.t
horse-workspace.tsx in C2. That's a missing dependency/edge: C2 requires mo
modifying horse-workspace.tsx (same file as C1) but graph only has route fi
file. Could be okay if C2 includes both but graph incomplete. Need flag as 
MAJOR: plan-graph missing node for client header change; C2 depends on C1 b
but also modifies same file, could cause merge conflict if parallel? But C1
C1 and C2 serialized, so okay. But graph should include file:horse-workspac
file:horse-workspace-auth-header.tsx or similar. Evidence: plan-graph chunk
chunk-C2 nodes only campaign-create-auth.ts and auth-curl-pair; no horse-wo
horse-workspace change. Fix: add node.

Also C1 gate "manual POST smoke" but route unauthenticated; after C2, smoke
smoke must be authenticated. FIN includes authenticated POST. But C1 gate m
may not verify client fetch because manual POST smoke could be curl, not UI
UI. Plan says "manual POST smoke" maybe curl. Need ensure C1 verifies UI fe
fetch? Not necessarily. Could be minor.

C3 integration test: "assert 201-shape row + 64-hex hashes". But createCamp
createCampaignFromIntake returns inventoryId and legalPack, not HTTP respon
response. The route returns 201. Test on lib function cannot assert 201. Ne
Need flag: verification step would not verify what it claims. Fix: either t
test route handler with auth or rename assertion to row shape and hash form
format. Also "delete test row after" but if test fails before delete, row r
remains. Need use try/finally and unique slug.

C3 depends C0 only, but integration test requires local Supabase running. P
Plan assumes local Supabase healthy at :54321 but C0 gate doesn't check. If
If local Supabase not running, C3 fails. Need add gate or setup. Also test 
may be flaky due to shared local DB state. Need flag.

C2 auth design: shared secret in env. Need consider route is in Next.js API
API route. If client component sends header, secret exposed. Also if using 
`NEXT_PUBLIC_OPERATOR_API_TOKEN`, it's in bundle. If using server-only env,
env, client can't access. Need fix: use server action or proxy. Also need c
consider CSRF? Bearer token in header from client is okay if secret not exp
exposed. But if exposed, anyone can call. BLOCKER.

C5 debt close: "append async-vs-cache ADR note to review-synthesis.md (deci
(decision: async stays)". Need check if review-synthesis.md is archived? Pl
Plan says "doc archive" in goal. Maybe file location? Not enough.

C7 desk refresh: "rewrite evo_02/CONTINUE.md (E2E done state + next), sync 
evo_00/CONTINUE.md pointer". Need ensure paths exist. Plan says paths resol
resolve gate. Could be okay.

FIN E2E walk: "MC dev server up → authenticated POST through real HTTP → we
web dev server renders /horses/e2e-wire-test from Supabase → test row delet
deleted." Need ensure web dev server reads from same Supabase local? Plan s
says local Supabase. But web dev server may be configured to production Sup
Supabase? Need check. Not enough. Could be risk.

Also plan says "test row deleted after proof" but if web dev server caches?
caches? Maybe minor.

Need output numbered findings with severity. Need only real findings. Let's
Let's list potential:

1. BLOCKER: Client-side fetch with bearer token from env exposes secret. Ev
Evidence: horse-workspace.tsx is client component (useState/onClick), plan 
says MC client sends header from env; Next.js client env requires NEXT_PUBL
NEXT_PUBLIC prefix, leaking OPERATOR_API_TOKEN. Fix: use server action or r
route proxy that injects server env; never expose token to browser.

2. MAJOR: C2 plan-graph missing client header change node; C2 modifies hors
horse-workspace.tsx but graph only has route file. Evidence: plan-graph chu
chunk-C2 nodes only campaign-create-auth.ts and auth-curl-pair; plan text s
says "MC client sends header from env". Fix: add file node for horse-worksp
horse-workspace.tsx header change, ensure C2 includes it.

3. MAJOR: C3 integration test assertion "201-shape row" is wrong; createCam
createCampaignFromIntake returns {inventoryId, legalPack}, not HTTP respons
response. Test cannot assert 201. Evidence: campaign-pipeline.ts lines 245-
245-259 return object; route.ts returns 201. Fix: assert row shape and hash
hash format, or test route handler.

4. MAJOR: C3 integration test flakiness/cleanup: fixed slug `e2e-wire-test`
`e2e-wire-test` may conflict with leftover rows from failed runs; delete af
after test not in finally. Evidence: plan says test row deleted after; no u
unique slug. Fix: use unique slug per run (timestamp/uuid) and try/finally 
cleanup.

5. MAJOR: C5 zero-token grep may fail because data values (not type unions)
unions) still contain 'tokinvest'. Evidence: campaign-pipeline.ts has `list
`listingPlatform?: 'evolution' | 'tokinvest' | string;` but plan says strip
strip from type unions; if horses-data.ts has `'tokinvest'` as value, grep 
hits. Need inspect? We don't have horses-data.ts. But plan says "strip 'tok
'tokinvest' from type unions" and gate grep only voice.ts. If there are str
string literals in data, not addressed. Fix: audit all occurrences, not jus
just type unions; update data values or exclude with justification.

6. MINOR/MAJOR: C0 baseline commit of 29 dirty files may include unrelated 
changes; need ensure no secrets or broken state. Evidence: plan says commit
commit all 29 dirty files as pre-sprint snapshot. Fix: review diff before c
commit.

7. MINOR: C1 manual POST smoke doesn't verify UI fetch path; could be curl 
only. Evidence: plan says manual POST smoke; horse-workspace fetch not exer
exercised. Fix: include browser-based smoke or E2E test.

8. MINOR: C4 fallback verification manual only; no automated test for unkno
unknown slug. Could be okay but maybe.

9. MINOR: Auth check should use timing-safe compare for shared secret. Evid
Evidence: plan says shared-secret bearer check. Fix: use crypto.timingSafeE
crypto.timingSafeEqual.

10. MINOR: C2 curl 401/201 pair may not test client header from env; only c
curl with token. Need ensure client actually sends header. But maybe covere
covered by FIN.

Need decide which are real and not padding. Need maybe include 5-7 findings
findings. The prompt asks focus on wrong assumptions, missing/wrong depende
dependency edges, chunk ordering leaving repo red, verification steps not v
verifying, auth design holes, integration test flakiness. We can map.

Let's examine plan-graph edges for chunk ordering leaving repo red. C1 and 
C2 serialized. C3,C4,C5 parallel after C0. C7 after all. FIN after C7. No o
obvious red state? But C2 modifies route to require auth; C1 client fetch m
may not send header until C2. If C1 is merged before C2, route unauthentica
unauthenticated but client works. If C2 merged before C1? They are serializ
serialized C1 then C2, so okay. But if C1 includes fetch without header, an
and C2 adds auth, then after C2 the client fetch from C1 would fail because
because no header. But C2 also adds header to client, so okay. However, if 
C2 is done as separate commit after C1, there is a window where route requi
requires auth but client doesn't send header, breaking publish. But since t
they are in same sprint and C2 immediately follows C1, maybe not red in fin
final. But if C1 gate "manual POST smoke" is done before C2, then after C2 
the smoke is invalid. Need re-run. Not a blocker.

Could there be missing edge: C2 depends on C1, but C1's client fetch must b
be updated to send header; if C2 only changes route, then C1's fetch will f
fail after C2. Plan text says C2 includes client header, but graph missing.
missing. That's covered.

Another issue: C3 integration test uses `createCampaignFromIntake` which ca
calls `getSupabaseServiceClient()`. That uses service client with service r
role key, bypasses RLS. But route uses same? route.ts calls createCampaignF
createCampaignFromIntake, so route also uses service client. Auth on route 
is only shared secret, but service client bypasses RLS. That's okay for ser
server. But if client can call route with token, okay. But if token leaked,
leaked, full service role access? Actually route uses service client, so an
anyone with token can insert arbitrary campaigns. That's intended? Maybe.

Need consider auth design: shared secret in env `OPERATOR_API_TOKEN`. If cl
client sends header, secret exposed. But maybe they intend server-side fetc
fetch? horse-workspace.tsx is client component, so no. Could use Next.js se
server action. Need flag.

Also plan says "MC client sends header from env" but if using `NEXT_PUBLIC_
`NEXT_PUBLIC_OPERATOR_API_TOKEN`, it's exposed. If using server-only env, c
client can't access. This is a clear blocker.

Need maybe mention that route currently returns 400 on any error, but after
after auth, unauthorized should be 401. Plan says 401 fail-closed. Need ens
ensure catch doesn't swallow auth error? If auth check throws, catch return
returns 400. Need design: auth check before try or return 401 directly. Pla
Plan says 401 fail-closed, but current route catch returns 400 for all erro
errors. If auth check inside try and throws, it would return 400 not 401. N
Need flag: C2 must ensure auth failure returns 401, not 400. Evidence: rout
route.ts catch returns 400. Fix: check auth before try or handle 401 separa
separately. This is MAJOR.

Also integration test C3: "assert 201-shape row + 64-hex hashes" but create
createCampaignFromIntake returns legalPack with hashes. Need check hash for
format: 64-hex. Could be okay.

Need maybe mention C5 "strip 'tokinvest' from type unions" but `listingPlat
`listingPlatform?: 'evolution' | 'tokinvest' | string;` because `| string` 
makes literal redundant; removing 'tokinvest' doesn't change type but grep 
still finds if not removed. But plan says strip, so okay.

Need maybe mention C4 media fallback: HORSE_STILLS is in packages/storage/s
packages/storage/src/cdn.ts. Web-side wrapper may need to import from stora
storage package. If storage package is not a dependency of web? Need check.
check. Not enough.

Let's formulate findings with severity.

Potential final list:

1. BLOCKER: Client-side bearer token exposure. Evidence: horse-workspace.ts
horse-workspace.tsx is client component (useState/onClick), plan says clien
client sends header from env; Next.js client env requires NEXT_PUBLIC, leak
leaking secret. Fix: use server action or proxy route that injects server e
env; never expose OPERATOR_API_TOKEN to browser.

2. MAJOR: Auth failure returns 400 not 401 due to existing catch. Evidence:
Evidence: route.ts catch returns 400 for all errors; C2 adds auth check but
but if inside try, unauthorized becomes 400. Fix: perform auth check before
before try or return 401 explicitly.

3. MAJOR: C2 plan-graph missing client header change node; C2 modifies hors
horse-workspace.tsx but graph only has route file. Evidence: plan-graph chu
chunk-C2 nodes only campaign-create-auth.ts and auth-curl-pair; plan text s
says "MC client sends header from env". Fix: add file node for horse-worksp
horse-workspace.tsx header change and ensure C2 includes it.

4. MAJOR: C3 integration test assertion "201-shape row" is wrong; createCam
createCampaignFromIntake returns {inventoryId, legalPack}, not HTTP respons
response. Evidence: campaign-pipeline.ts return object; route.ts returns 20
201. Fix: assert row shape and hash format, or test route handler.

5. MAJOR: C3 integration test flakiness/cleanup: fixed slug `e2e-wire-test`
`e2e-wire-test` may conflict with leftover rows; delete after test not in f
finally. Evidence: plan says test row deleted after; no unique slug. Fix: u
use unique slug per run and try/finally cleanup.

6. MAJOR: C5 zero-token grep may fail because data values (not type unions)
unions) still contain 'tokinvest'. Evidence: campaign-pipeline.ts has `list
`listingPlatform?: 'evolution' | 'tokinvest' | string;` but plan says strip
strip from type unions; if horses-data.ts has `'tokinvest'` as value, grep 
hits. Fix: audit all occurrences, not just type unions; update data values 
or exclude with justification.

7. MINOR: C1 manual POST smoke doesn't verify UI fetch path; could be curl 
only. Evidence: plan says manual POST smoke; horse-workspace fetch not exer
exercised. Fix: include browser-based smoke or E2E test.

8. MINOR: C0 baseline commit of 29 dirty files may include unrelated change
changes; need review diff. Evidence: plan says commit all 29 dirty files. F
Fix: review diff before commit.

9. MINOR: Auth check should use timing-safe compare. Evidence: shared-secre
shared-secret bearer check. Fix: use crypto.timingSafeEqual.

Need maybe include 7 findings enough. The prompt says only real findings, n
no padding. I think 1-6 are strong. 7-9 maybe minor but real. Need decide i
if include all. The final verdict REVISE.

Need ensure evidence references exact lines/snippets. We can cite route.ts 
catch, campaign-pipeline return, plan text.

Let's write answer with numbered findings. Need be concise but detailed eno
enough.

Need maybe mention chunk ordering leaving repo red? Could be finding: C2 af
after C1 but if C1 gate manual POST smoke is done before C2, after C2 the s
smoke is invalid; but not red. Maybe not.

Another possible issue: C3 depends only C0, but integration test requires l
local Supabase running; C0 gate doesn't check. If local Supabase not runnin
running, C3 fails and blocks wave. Plan assumption says recheck at executio
execution, but no gate. Could be MAJOR: add preflight gate for supabase sta
status. Evidence: plan assumption "Local Supabase stack healthy at :54321 [
[ASSUMPTION — recheck `supabase status` at execution]" but C3 depends only 
C0, no gate. Fix: add C0 or C3 preflight to verify supabase status. This is
is real. Add as finding maybe 7.

Let's include that instead of minor 8? Need prioritize.

Final list maybe 7 findings:

1 BLOCKER client token exposure
2 MAJOR auth 401 vs 400
3 MAJOR C2 graph missing client header node
4 MAJOR C3 assertion wrong
5 MAJOR C3 flakiness/cleanup
6 MAJOR C5 grep data values
7 MAJOR C3 missing Supabase preflight gate

Then maybe minor: C1 smoke not UI, C0 commit review, timing safe. Could inc
include as MINOR if space. But prompt says no padding. I can include 7 find
findings, all real. End verdict REVISE.

Need ensure each finding has severity, evidence, fix. Let's write.

Need be careful with "201-shape row" maybe plan says "assert 201-shape row 
+ 64-hex hashes" could mean row shape that would be returned in 201 respons
response? But createCampaignFromIntake returns object, not row. The route r
returns result object with inventoryId and legalPack. So test on lib functi
function can assert that shape. But "201-shape" is misleading. We'll flag.

Let's produce final.
...done thinking.

1. **BLOCKER — Client-side bearer token exposure**  
   **Evidence:** `horse-workspace.tsx` is a client component (uses `useStat
`useState`, `onClick`). The plan says “MC client sends header from env” for
for `OPERATOR_API_TOKEN`. In Next.js, client components can only read env v
vars prefixed with `NEXT_PUBLIC_`, which bakes the secret into the browser 
bundle.  
   **Fix:** Do not send the token from the client. Use a server action or a
a thin proxy route that injects the server-side env var, or switch to sessi
session-based auth. The shared secret must never reach the browser.

2. **MAJOR — Auth failure will return 400, not 401**  
   **Evidence:** `route.ts` wraps the entire handler in `try/catch` and ret
returns `400` for any thrown error. If the C2 auth check is added inside th
that `try`, an unauthorized request will be caught and returned as `400`, v
violating the plan’s own “401 fail-closed” gate.  
   **Fix:** Perform the bearer check before the `try` block, or explicitly 
return `NextResponse.json({ error: 'Unauthorized' }, { status: 401 })` and 
bypass the generic catch.

3. **MAJOR — Plan graph missing client header change node for C2**  
   **Evidence:** `plan-graph.json` chunk-C2 nodes are only `file:campaign-c
`file:campaign-create-auth.ts` and `cmd:auth-curl-pair`. The plan text says
says C2 includes “MC client sends header from env,” which modifies `horse-w
`horse-workspace.tsx` — the same file touched in C1. The graph does not rep
represent this file change.  
   **Fix:** Add a `file:horse-workspace-auth-header.tsx` node to chunk-C2 a
and ensure the edge from C1 to C2 reflects that the client fetch must be up
updated before the server enforces auth.

4. **MAJOR — C3 integration test assertion “201-shape row” is wrong**  
   **Evidence:** `createCampaignFromIntake()` returns `{ inventoryId: strin
string; legalPack: CompiledLegalPack }` (campaign-pipeline.ts lines 245–259
245–259). It does not return an HTTP response. The route handler returns `2
`201`, but the test targets the lib function directly.  
   **Fix:** Assert the returned object shape and 64-hex hash format, or tes
test the route handler itself (with auth) to verify the 201 status. Do not 
claim “201-shape” for a non-HTTP function.

5. **MAJOR — C3 integration test flakiness and cleanup risk**  
   **Evidence:** The plan uses a fixed slug `e2e-wire-test` and says “delet
“delete test row after.” If a previous failed run leaves the row, the next 
insert will conflict on the unique slug. Cleanup is not in a `finally`, so 
a mid-test failure leaves residue.  
   **Fix:** Generate a unique slug per run (e.g., `e2e-wire-test-${Date.now
`e2e-wire-test-${Date.now()}`) and wrap the test in `try/finally` to delete
delete the row even on assertion failure.

6. **MAJOR — C5 zero-token grep may fail on data values, not just type unio
unions**  
   **Evidence:** `campaign-pipeline.ts` has `listingPlatform?: 'evolution' 
| 'tokinvest' | string;`. The plan says “strip 'tokinvest' from type unions
unions” but the gate is `grep -ri tokinvest apps packages --include='*.ts'`
--include='*.ts'` returning only `voice.ts`. If `horses-data.ts` or other f
files contain `'tokinvest'` as a string value (e.g., `dsl: 'tokinvest'`), r
removing the type union literal will not remove the value token, and the gr
grep will still hit.  
   **Fix:** Audit all occurrences, not just type unions. Update data values
values or explicitly exclude them with a documented reason; otherwise the C
C5 gate will fail.

7. **MAJOR — C3 depends only on C0 but requires local Supabase to be runnin
running**  
   **Evidence:** The plan lists “Local Supabase stack healthy at :54321” as
as an assumption to recheck at execution, but C3 has no preflight gate. If 
Supabase is down, the integration test fails and blocks the wave.  
   **Fix:** Add a preflight step to C0 or C3 that runs `supabase status` an
and fails fast if the stack is not healthy, or make the test skip with a cl
clear message when the local stack is unavailable.

**Verdict:** REVISE

EXIT:0
